Chapter 1 There was no of taking a walk that day. We had been indeed, in the leafless shrubbery an hour in the morning; but since dinner Reed, when there was no company, dined early) the cold winter wind had brought with it clouds so sombre, and a rain so that further out-door exercise now out of the question.